
[Global Setup] Resetting and seeding backend database...

  Dropping all tables ................................................................................... 91.84ms DONE

   INFO  Preparing database.  

  Creating migration table .............................................................................. 16.73ms DONE

   INFO  Running migrations.  

  0001_01_01_000001_create_cache_table .................................................................. 13.71ms DONE
  0001_01_01_000002_create_jobs_table ................................................................... 86.26ms DONE
  2024_12_29_150440_create_access ........................................................................ 5.40ms DONE
  2024_12_29_150440_create_employees .................................................................... 54.67ms DONE
  2024_12_29_150441_create_detail_access ................................................................ 70.60ms DONE
  2024_12_29_150447_create_customers ..................................................................... 5.23ms DONE
  2024_12_29_150453_create_quotations ................................................................... 72.05ms DONE
  2024_12_29_150456_create_spareparts ................................................................... 26.52ms DONE
  2024_12_29_150459_create_detail_quotations ............................................................ 40.58ms DONE
  2024_12_29_150510_create_purchase_orders .............................................................. 71.24ms DONE
  2024_12_29_150515_create_proforma_invoices ............................................................ 60.70ms DONE
  2024_12_29_150524_create_invoices ..................................................................... 53.94ms DONE
  2024_12_29_150525_create_delivery_order ............................................................... 37.98ms DONE
  2024_12_29_150525_create_work_orders .................................................................. 34.42ms DONE
  2024_12_29_150528_create_work_orders_units ............................................................ 31.62ms DONE
  2024_12_29_150530_create_back_orders .................................................................. 35.98ms DONE
  2024_12_29_150531_create_detail_back_orders ........................................................... 55.78ms DONE
  2024_12_29_150535_create_buys ......................................................................... 32.21ms DONE
  2024_12_29_150538_create_sellers ...................................................................... 25.31ms DONE
  2024_12_29_150539_create_detail_buys .................................................................. 66.49ms DONE
  2024_12_29_150539_create_detail_spareparts ............................................................ 72.08ms DONE
  2024_12_29_150540_create_general ....................................................................... 4.35ms DONE
  2025_03_03_095456_create_personal_access_tokens_table ................................................. 34.31ms DONE
  2025_07_13_174820_add_version_to_purchase_orders ....................................................... 6.21ms DONE
  2025_09_20_000001_add_temp_pass_expires_to_employees ................................................... 5.38ms DONE
  2025_10_19_162330_create_branches_table ............................................................... 35.07ms DONE
  2025_10_19_162334_create_branch_sparepart_table ....................................................... 68.06ms DONE
  2025_10_19_162338_add_branch_id_to_quotations_and_buys_table .......................................... 98.67ms DONE
  2025_10_19_162341_drop_total_unit_and_branch_from_spareparts_table .................................... 53.34ms DONE


   INFO  Seeding database.  

  Database\Seeders\GeneralSeeder ............................................................................. RUNNING  
  Database\Seeders\GeneralSeeder .......................................................................... 15 ms DONE  

  Database\Seeders\AccessRoleSeeder .......................................................................... RUNNING  
  Database\Seeders\AccessRoleSeeder ....................................................................... 63 ms DONE  

  Database\Seeders\SellerSeeder .............................................................................. RUNNING  
  Database\Seeders\SellerSeeder ............................................................................ 6 ms DONE  

  Database\Seeders\BranchSeeder .............................................................................. RUNNING  
  Database\Seeders\BranchSeeder ............................................................................ 2 ms DONE  

  Database\Seeders\EmployeeSeeder ............................................................................ RUNNING  
  Database\Seeders\EmployeeSeeder ...................................................................... 3,154 ms DONE  

  Database\Seeders\CustomerSeeder ............................................................................ RUNNING  
  Database\Seeders\CustomerSeeder ........................................................................ 144 ms DONE  

  Database\Seeders\SparepartSeeder ........................................................................... RUNNING  
  Database\Seeders\SparepartSeeder ....................................................................... 469 ms DONE  

  Database\Seeders\QuotationSeeder ........................................................................... RUNNING  
  Database\Seeders\QuotationSeeder ......................................................................... 0 ms DONE  

  Database\Seeders\PurchaseOrderSeeder ....................................................................... RUNNING  
  Database\Seeders\PurchaseOrderSeeder .................................................................... 20 ms DONE  

  Database\Seeders\BackOrderSeeder ........................................................................... RUNNING  
  Database\Seeders\BackOrderSeeder ......................................................................... 5 ms DONE  

  Database\Seeders\BuySeeder ................................................................................. RUNNING  
  Database\Seeders\BuySeeder ............................................................................... 5 ms DONE  

  Database\Seeders\ProformaInvoiceSeeder ..................................................................... RUNNING  
  Database\Seeders\ProformaInvoiceSeeder .................................................................. 45 ms DONE  

  Database\Seeders\WorkOrderSeeder ........................................................................... RUNNING  
  Database\Seeders\WorkOrderSeeder ........................................................................ 10 ms DONE  

  Database\Seeders\DeliveryOrderSeeder ....................................................................... RUNNING  
  Database\Seeders\DeliveryOrderSeeder ..................................................................... 5 ms DONE  

  Database\Seeders\InvoiceSeeder ............................................................................. RUNNING  
  Database\Seeders\InvoiceSeeder ........................................................................... 4 ms DONE  

[Global Setup] Database seeded successfully!


Running 1 test using 1 worker

[1A[2K[1/1] [chromium] › e2e\auth.spec.js:8:3 › Authentication Tests › AUTH-API-001: Login with valid credentials
[1A[2K[chromium] › e2e\auth.spec.js:8:3 › Authentication Tests › AUTH-API-001: Login with valid credentials
BROWSER: Access to XMLHttpRequest at 'http://localhost:8000/api/login' from origin 'http://localhost:5173' has been blocked by CORS policy: Response to preflight request doesn't pass access control check: The value of the 'Access-Control-Allow-Origin' header in the response must not be the wildcard '*' when the request's credentials mode is 'include'. The credentials mode of requests initiated by the XMLHttpRequest is controlled by the withCredentials attribute.

[1A[2KBROWSER: Error during login: undefined

[1A[2KBROWSER: Failed to load resource: net::ERR_FAILED

[1A[2K  1) [chromium] › e2e\auth.spec.js:8:3 › Authentication Tests › AUTH-API-001: Login with valid credentials 

    Error: [2mexpect([22m[31mreceived[39m[2m).[22mnot[2m.[22mtoContain[2m([22m[32mexpected[39m[2m) // indexOf[22m

    Expected substring: not [32m"/login"[39m
    Received string:        [31m"http://localhost:5173[7m/login[27m"[39m

      24 |     // Verify successful redirect to the menu/dashboard
      25 |     await page.waitForURL('**/menu', { timeout: 8000 }).catch(() => {});
    > 26 |     expect(page.url()).not.toContain('/login');
         |                            ^
      27 |   });
      28 |
      29 |   test('AUTH-API-002: Login with wrong password', async ({ page }) => {
        at E:\Kerja\Kerja\Bkawan\PT_BerkatMegahJaya\Code\FrontEnd\bmj-app-frontend\e2e\auth.spec.js:26:28

    Error Context: test-results\auth-Authentication-Tests--ab941-ogin-with-valid-credentials-chromium\error-context.md


[1A[2K  1 failed
    [chromium] › e2e\auth.spec.js:8:3 › Authentication Tests › AUTH-API-001: Login with valid credentials 
